// Jest Snapshot v1, https://goo.gl/fbAQLP

exports[`Navigator renders correctly 1`] = `
<nav
  className="navbar navbar-expand-md navbar-dark bg-primary sticky-top"
>
  <a
    className="navbar-brand"
    href="/"
  >
    One Advisor
  </a>
  <ul
    className="mr-auto navbar-nav"
  >
    <li
      className="nav-item sc-bdVaJa bWkJfu"
    >
      <a
        className="nav-link active"
        href="/directory"
        onClick={[Function]}
      >
        Directory
      </a>
    </li>
  </ul>
  <ul
    className="ml-auto navbar-nav"
  >
    <li
      className="sc-bdVaJa bWkJfu"
    >
      <a
        className="nav-link"
        href="#"
        onClick={[Function]}
      >
        Signout
      </a>
    </li>
  </ul>
</nav>
`;
