// Jest Snapshot v1, https://goo.gl/fbAQLP

exports[`SideMenu renders correctly 1`] = `
<div
  className="MuiDrawer-root-1 MuiDrawer-docked-2 sc-bdVaJa dZGPZP"
>
  <div
    className="MuiPaper-root-13 MuiPaper-elevation0-15 MuiDrawer-paper-3 MuiDrawer-paperAnchorLeft-4 MuiDrawer-paperAnchorDockedLeft-8"
  >
    <header
      className="MuiPaper-root-13 MuiPaper-elevation4-19 MuiAppBar-root-40 MuiAppBar-positionStatic-44 MuiAppBar-colorPrimary-47"
    >
      <div
        className="MuiToolbar-root-49 MuiToolbar-regular-51 MuiToolbar-gutters-50"
      />
    </header>
    <ul
      className="MuiList-root-53 MuiList-padding-54 MuiList-subheader-56 sc-bwzfXH gjYcba"
    >
      <li
        className="MuiListSubheader-root-57 MuiListSubheader-sticky-62 MuiListSubheader-gutters-60"
      >
        Management
      </li>
      <li
        className="sc-htpNat cDxzgm"
      >
        <a
          className="MuiButtonBase-root-74 MuiListItem-root-63 MuiListItem-default-66 MuiListItem-gutters-70 MuiListItem-button-71 MuiListItem-selected-73"
          href="/directory/users"
          onBlur={[Function]}
          onClick={[Function]}
          onFocus={[Function]}
          onKeyDown={[Function]}
          onKeyUp={[Function]}
          onMouseDown={[Function]}
          onMouseLeave={[Function]}
          onMouseUp={[Function]}
          onTouchEnd={[Function]}
          onTouchMove={[Function]}
          onTouchStart={[Function]}
          role="button"
          tabIndex="0"
        >
          <div
            className="MuiListItemIcon-root-77"
          >
            <span
              aria-hidden="true"
              className="material-icons MuiIcon-root-78"
            >
              people
            </span>
          </div>
          <div
            className="MuiListItemText-root-87"
          >
            <span
              className="MuiTypography-root-93 MuiTypography-subheading-100 MuiListItemText-primary-90"
            >
              Users
            </span>
          </div>
          <span
            className="MuiTouchRipple-root-128"
          />
        </a>
      </li>
      <li
        className="sc-htpNat ifuAHS"
      >
        <a
          className="MuiButtonBase-root-74 MuiListItem-root-63 MuiListItem-default-66 MuiListItem-gutters-70 MuiListItem-button-71"
          href="/directory/organisations"
          onBlur={[Function]}
          onClick={[Function]}
          onFocus={[Function]}
          onKeyDown={[Function]}
          onKeyUp={[Function]}
          onMouseDown={[Function]}
          onMouseLeave={[Function]}
          onMouseUp={[Function]}
          onTouchEnd={[Function]}
          onTouchMove={[Function]}
          onTouchStart={[Function]}
          role="button"
          tabIndex="0"
        >
          <div
            className="MuiListItemIcon-root-77"
          >
            <span
              aria-hidden="true"
              className="material-icons MuiIcon-root-78"
            >
              business
            </span>
          </div>
          <div
            className="MuiListItemText-root-87"
          >
            <span
              className="MuiTypography-root-93 MuiTypography-subheading-100 MuiListItemText-primary-90"
            >
              Organisations
            </span>
          </div>
          <span
            className="MuiTouchRipple-root-128"
          />
        </a>
      </li>
    </ul>
  </div>
</div>
`;
